test/micro/test80.js:31: [info] Abstract value: 12345.0
test/micro/test80.js:33: [info] Abstract value: "Exception!"
test/micro/test80.js:35: [info] Abstract value: Undef|12345.0
