test/dom/html/HTMLLabelElement01.html:4: [info] Abstract value: [*native HTMLLabelElement]
test/dom/html/HTMLLabelElement01.html:5: [info] Abstract value: [*native HTMLFormElement]
test/dom/html/HTMLLabelElement01.html:6: [info] Abstract value: Str
test/dom/html/HTMLLabelElement01.html:7: [info] Abstract value: Str
