test/micro/test130.js:8: [definite] Reading 'this' yields the global object
test/micro/test130.js:14: [definite] Reading 'this' yields the global object
test/micro/test130.js:13: [info] Abstract value: [@native <the global object>]
