test/micro/test07.js:12: [definite] Variable is null/undefined: y
test/micro/test07.js:12: [maybe] Conversion to number yields NaN
test/micro/test07.js:37: [info] Abstract value: 4.0
