test/micro/test66.js:4: [info] Abstract value: "string1000"
test/micro/test66.js:12: [info] Abstract value: 1.0
