test/resig/ejohn17.js:2: [definite] Unreachable function
