test/dom/html/HTMLTableCaptionElement01.html:4: [info] Abstract value: [*native HTMLTableCaptionElement]
test/dom/html/HTMLTableCaptionElement01.html:5: [info] Abstract value: Str
