test/micro/test14.js:31: [maybe] ReferenceError, reading absent variable: xxx
test/micro/test14.js:32: [maybe] ReferenceError, reading absent variable: xxx
test/micro/test14.js:1: [maybe] Uncaught exception, constructed at [test/micro/test14.js:31, test/micro/test14.js:32]
test/micro/test14.js:31: [info] Abstract value: "fail"
