test/resig/ejohn38.js:2: [maybe] Reading 'this' yields the global object
