test/micro/test127.js:16: [definite] Reading 'this' yields the global object
test/micro/test127.js:15: [info] Abstract value: [@Object#node9]
