test/anderson/anderson5.js:5: [definite] TypeError, writing property of null/undefined
test/anderson/anderson5.js:5: [definite] Variable is null/undefined: x
test/anderson/anderson5.js:1: [definite] Uncaught exception, constructed at [test/anderson/anderson5.js:5]
