test/wala/string-op.js:7: [definite] Reading 'this' yields the global object
test/wala/string-op.js:7: [definite] Reading absent property: val
test/wala/string-op.js:7: [maybe] Conversion to number yields NaN
test/wala/string-op.js:13: [info] Abstract value: NaN
