test/dom/html/HTMLLIElement01.html:4: [info] Abstract value: [*native HTMLLIElement]
test/dom/html/HTMLLIElement01.html:5: [info] Abstract value: Str
test/dom/html/HTMLLIElement01.html:6: [info] Abstract value: Num
