test/micro/test55.js:2: [definite] Reading absent property: xy
test/micro/test55.js:3: [definite] Reading absent property: xy
test/micro/test55.js:2: [info] Abstract value: Undef
