test/micro/test61.js:3: [info] Abstract value: false
test/micro/test61.js:4: [info] Abstract value: false
test/micro/test61.js:5: [info] Abstract value: false
test/micro/test61.js:6: [info] Abstract value: false
