test/resig/ejohn31.js:14: [info] Abstract value: true
test/resig/ejohn31.js:18: [info] Abstract value: false
