test/dom/html/HTMLImageElement01.html:4: [info] Abstract value: [*native HTMLImageElement]
test/dom/html/HTMLImageElement01.html:5: [info] Prototype: [@native HTMLImageElement.prototype] -> [@native HTMLElement.prototype] -> [@native Element.prototype] -> [@native Node.prototype] -> [@native Object.prototype]
test/dom/html/HTMLImageElement01.html:7: [info] Abstract value: Str
test/dom/html/HTMLImageElement01.html:8: [info] Abstract value: Str
test/dom/html/HTMLImageElement01.html:9: [info] Abstract value: Str
test/dom/html/HTMLImageElement01.html:10: [info] Abstract value: Str
test/dom/html/HTMLImageElement01.html:11: [info] Abstract value: Num
test/dom/html/HTMLImageElement01.html:12: [info] Abstract value: Num
test/dom/html/HTMLImageElement01.html:13: [info] Abstract value: Bool
test/dom/html/HTMLImageElement01.html:14: [info] Abstract value: Str
test/dom/html/HTMLImageElement01.html:15: [info] Abstract value: Str
test/dom/html/HTMLImageElement01.html:16: [info] Abstract value: Str
test/dom/html/HTMLImageElement01.html:17: [info] Abstract value: Num
test/dom/html/HTMLImageElement01.html:18: [info] Abstract value: Num
