test/dom/core/DOMText03.html:4: [info] Abstract value: [*native Text]
test/dom/core/DOMText03.html:5: [info] Prototype: [@native Text.prototype] -> [@native CharacterData.prototype] -> [@native Node.prototype] -> [@native Object.prototype]
test/dom/core/DOMText03.html:7: [info] Abstract value: Bool
test/dom/core/DOMText03.html:8: [info] Abstract value: Str
test/dom/core/DOMText03.html:10: [info] Abstract value: [@native Text.prototype.splitText]
test/dom/core/DOMText03.html:11: [info] Abstract value: [@native Text.prototype.replaceWholeText]
