test/dom/core/DOMElement01.html:4: [info] Abstract value: [*native Element]
test/dom/core/DOMElement01.html:5: [info] Prototype: [@native Element.prototype] -> [@native Node.prototype] -> [@native Object.prototype]
test/dom/core/DOMElement01.html:7: [info] Abstract value: Str
test/dom/core/DOMElement01.html:9: [info] Abstract value: [@native Element.getAttribute]
test/dom/core/DOMElement01.html:10: [info] Abstract value: [@native Element.getAttributeNS]
test/dom/core/DOMElement01.html:11: [info] Abstract value: [@native Element.getAttributeNode]
test/dom/core/DOMElement01.html:12: [info] Abstract value: [@native Element.getAttributeNodeNS]
test/dom/core/DOMElement01.html:13: [info] Abstract value: [@native Element.getElementsByTagName]
test/dom/core/DOMElement01.html:14: [info] Abstract value: [@native Element.getElementsByTagNameNS]
test/dom/core/DOMElement01.html:15: [info] Abstract value: [@native Element.hasAttribute]
test/dom/core/DOMElement01.html:16: [info] Abstract value: [@native Element.hasAttributeNS]
test/dom/core/DOMElement01.html:17: [info] Abstract value: [@native Element.removeAttribute]
test/dom/core/DOMElement01.html:18: [info] Abstract value: [@native Element.removeAttributeNS]
test/dom/core/DOMElement01.html:19: [info] Abstract value: [@native Element.removeAttributeNode]
test/dom/core/DOMElement01.html:20: [info] Abstract value: [@native Element.setAttribute]
test/dom/core/DOMElement01.html:21: [info] Abstract value: [@native Element.setAttributeNS]
test/dom/core/DOMElement01.html:22: [info] Abstract value: [@native Element.setAttributeNode]
test/dom/core/DOMElement01.html:23: [info] Abstract value: [@native Element.setAttributeNodeNS]
