test/dom/events/DOMEventListener02.html:3: [info] Abstract value: [*native EventListener]
test/dom/events/DOMEventListener02.html:5: [info] Abstract value: Undef
