test/micro/test96.js:13: [info] Abstract value: true
