test/google/benchpress.js:76: [maybe] TypeError, reading property of null/undefined
test/google/benchpress.js:85: [maybe] TypeError, reading property of null/undefined
test/google/benchpress.js:157: [maybe] RangeError, assigning invalid value to array 'length' property
test/google/benchpress.js:365: [maybe] TypeError, reading property of null/undefined
test/google/benchpress.js:368: [maybe] TypeError, reading property of null/undefined
test/google/benchpress.js:374: [maybe] TypeError, reading property of null/undefined
test/google/benchpress.js:374: [maybe] TypeError, reading property of null/undefined
test/google/benchpress.js:418: [maybe] TypeError, reading property of null/undefined
test/google/benchpress.js:419: [maybe] TypeError, reading property of null/undefined
test/google/benchpress.js:426: [maybe] TypeError, reading property of null/undefined
test/google/benchpress.js:426: [maybe] TypeError, reading property of null/undefined
test/google/benchpress.js:426: [maybe] TypeError, reading property of null/undefined
test/google/benchpress.js:436: [maybe] TypeError, reading property of null/undefined
test/google/benchpress.js:1: [maybe] Uncaught exception, constructed at [test/google/benchpress.js:76, test/google/benchpress.js:85, test/google/benchpress.js:157, test/google/benchpress.js:365, test/google/benchpress.js:368, test/google/benchpress.js:374, test/google/benchpress.js:418, test/google/benchpress.js:419, test/google/benchpress.js:426, test/google/benchpress.js:436]
test/google/benchpress.js:75: [maybe] Reading absent property (computed name)
test/google/benchpress.js:83: [maybe] Reading absent property (computed name)
test/google/benchpress.js:131: [maybe] Reading absent property (computed name)
test/google/benchpress.js:155: [maybe] Reading absent property (computed name)
test/google/benchpress.js:156: [maybe] Reading absent property (computed name)
test/google/benchpress.js:157: [maybe] Conversion to number yields NaN
test/google/benchpress.js:157: [maybe] Converting undefined to string
test/google/benchpress.js:164: [maybe] Conversion to number yields NaN
test/google/benchpress.js:164: [maybe] Conversion to number yields NaN
test/google/benchpress.js:191: [maybe] Reading absent property (computed name)
test/google/benchpress.js:191: [maybe] Reading absent property (computed name)
test/google/benchpress.js:191: [maybe] Reading absent property (computed name)
test/google/benchpress.js:274: [maybe] Reading absent property (computed name)
test/google/benchpress.js:276: [maybe] Reading absent property (computed name)
test/google/benchpress.js:277: [maybe] Conversion to number yields NaN
test/google/benchpress.js:278: [maybe] Conversion to number yields NaN
test/google/benchpress.js:290: [maybe] Reading absent property (computed name)
test/google/benchpress.js:290: [maybe] Reading absent property (computed name)
test/google/benchpress.js:293: [maybe] Conversion to number yields NaN
test/google/benchpress.js:293: [maybe] Reading absent property (computed name)
test/google/benchpress.js:293: [maybe] Reading absent property (computed name)
test/google/benchpress.js:304: [maybe] Reading absent property (computed name)
test/google/benchpress.js:304: [maybe] Reading absent property (computed name)
test/google/benchpress.js:305: [maybe] Conversion to number yields NaN
test/google/benchpress.js:326: [maybe] Reading absent property (computed name)
test/google/benchpress.js:329: [maybe] Conversion to number yields NaN
test/google/benchpress.js:329: [maybe] Reading absent property (computed name)
test/google/benchpress.js:330: [maybe] Conversion to number yields NaN
test/google/benchpress.js:330: [maybe] Reading absent property (computed name)
test/google/benchpress.js:332: [maybe] Reading absent property (computed name)
test/google/benchpress.js:333: [maybe] Reading absent property (computed name)
test/google/benchpress.js:363: [maybe] Conversion to number yields NaN
test/google/benchpress.js:374: [maybe] Conversion to number yields NaN
test/google/benchpress.js:374: [maybe] Conversion to number yields NaN
test/google/benchpress.js:382: [maybe] Reading absent property (computed name)
test/google/benchpress.js:383: [maybe] Reading absent property (computed name)
