test/dom/html/HTMLBaseFontElement01.html:4: [info] Abstract value: [*native HTMLBaseFontElement]
test/dom/html/HTMLBaseFontElement01.html:5: [info] Prototype: [@native HTMLBaseFontElement.prototype] -> [@native HTMLElement.prototype] -> [@native Element.prototype] -> [@native Node.prototype] -> [@native Object.prototype]
test/dom/html/HTMLBaseFontElement01.html:7: [info] Abstract value: Str
test/dom/html/HTMLBaseFontElement01.html:8: [info] Abstract value: Str
test/dom/html/HTMLBaseFontElement01.html:9: [info] Abstract value: Num
