test/dom/DOMWindow04.html:4: [info] Abstract value: Undef
test/dom/DOMWindow04.html:5: [info] Abstract value: Undef
test/dom/DOMWindow04.html:6: [info] Abstract value: Undef
test/dom/DOMWindow04.html:8: [info] Abstract value: Undef
test/dom/DOMWindow04.html:9: [info] Abstract value: Undef
test/dom/DOMWindow04.html:10: [info] Abstract value: Undef
test/dom/DOMWindow04.html:11: [info] Abstract value: Str
