test/micro/test69.js:3: [info] Abstract value: 123.0
