test/micro/test84.js:3: [info] Abstract value: 6.0
