test/micro/test95.js:7: [definite] Unreachable code
test/micro/test95.js:9: [info] Abstract value: "HERE2"
test/micro/test95.js:11: [info] Abstract value: "HERE3"
