test/dom/html/HTMLDListElement01.html:4: [info] Abstract value: [*native HTMLDListElement]
test/dom/html/HTMLDListElement01.html:5: [info] Abstract value: Bool
