test/micro/test16.js:1: [definite] ReferenceError, reading absent variable: flub
test/micro/test16.js:1: [definite] Unreachable code
test/micro/test16.js:1: [definite] Uncaught exception, constructed at [test/micro/test16.js:1]
