test/micro/test47.js:23: [definite] Unreachable function: area
test/micro/test47.js:34: [info] Abstract object: {edges:8.0,temp:Null,[[Prototype]]=[@Object#node28]}
test/micro/test47.js:35: [info] Abstract object: {area:[@function area#fun6],edges:4.0,side:7.0,top:3.0,[[Prototype]]=[@Object#node57]}
